== signing identity: Minget Local Signing ==
== swift build (release) ==
Building for production...
[Planning deferred tasks]
[26 / 43]
[27 / 44] UsageMonitorCore
[40 / 84]
[46 / 84]
[48 / 84]
[53 / 84]
[57 / 84]
[61 / 84]
[65 / 84]
[66 / 84]
$PROJECT_ROOT/Sources/UsageMonitorCore/Providers/ProviderCredentialStore.swift:134:26: warning: 'SecKeychainGetUserInteractionAllowed' was deprecated in macOS 10.10: SecKeychain is deprecated [#DeprecatedDeclaration]
132 |         // C `Boolean`, so the round trip is done in `Bool`.
133 |         var previous = DarwinBoolean(true)
134 |         let readStatus = SecKeychainGetUserInteractionAllowed(&previous)
    |                          `- warning: 'SecKeychainGetUserInteractionAllowed' was deprecated in macOS 10.10: SecKeychain is deprecated [#DeprecatedDeclaration]
135 |         _ = SecKeychainSetUserInteractionAllowed(false)
136 |         return {

$PROJECT_ROOT/Sources/UsageMonitorCore/Providers/ProviderCredentialStore.swift:135:13: warning: 'SecKeychainSetUserInteractionAllowed' was deprecated in macOS 10.10: SecKeychain is deprecated [#DeprecatedDeclaration]
133 |         var previous = DarwinBoolean(true)
134 |         let readStatus = SecKeychainGetUserInteractionAllowed(&previous)
135 |         _ = SecKeychainSetUserInteractionAllowed(false)
    |             `- warning: 'SecKeychainSetUserInteractionAllowed' was deprecated in macOS 10.10: SecKeychain is deprecated [#DeprecatedDeclaration]
136 |         return {
137 |             guard readStatus == errSecSuccess else {

$PROJECT_ROOT/Sources/UsageMonitorCore/Providers/ProviderCredentialStore.swift:140:21: warning: 'SecKeychainSetUserInteractionAllowed' was deprecated in macOS 10.10: SecKeychain is deprecated [#DeprecatedDeclaration]
138 |                 // The previous state could not be read: restore the documented default
139 |                 // instead of leaving interaction disabled.
140 |                 _ = SecKeychainSetUserInteractionAllowed(true)
    |                     `- warning: 'SecKeychainSetUserInteractionAllowed' was deprecated in macOS 10.10: SecKeychain is deprecated [#DeprecatedDeclaration]
141 |                 return
142 |             }

$PROJECT_ROOT/Sources/UsageMonitorCore/Providers/ProviderCredentialStore.swift:143:17: warning: 'SecKeychainSetUserInteractionAllowed' was deprecated in macOS 10.10: SecKeychain is deprecated [#DeprecatedDeclaration]
141 |                 return
142 |             }
143 |             _ = SecKeychainSetUserInteractionAllowed(previous.boolValue)
    |                 `- warning: 'SecKeychainSetUserInteractionAllowed' was deprecated in macOS 10.10: SecKeychain is deprecated [#DeprecatedDeclaration]
144 |         }
145 |     }

[#DeprecatedDeclaration]: <https://docs.swift.org/compiler/documentation/diagnostics/deprecated-declaration>
[68 / 84] UsageMonitorCore
[76 / 86] UsageMonitorCLI-product
[95 / 117]
[100 / 117]
[104 / 117]
[109 / 117]
[110 / 117] UsageMonitorCLI-product
[112 / 117]
[113 / 117] UsageMonitorApp-product
[115 / 117] UsageMonitorApp-product
[116 / 117] UsageMonitorApp-product
Build complete! (16.82秒)
== staging /tmp/minget-162-stage/Minget.app ==
== codesign (Minget Local Signing) ==
/tmp/minget-162-stage/Minget.app: replacing existing signature
== strict verification in staging ==
--prepared:/private/tmp/minget-162-stage/Minget.app/Contents/MacOS/MingetCLI
--validated:/private/tmp/minget-162-stage/Minget.app/Contents/MacOS/MingetCLI
/tmp/minget-162-stage/Minget.app: valid on disk
/tmp/minget-162-stage/Minget.app: satisfies its Designated Requirement
/tmp/minget-162-stage/Minget.app/Contents/Info.plist: OK
== install to /tmp/minget-162-candidate/Minget.app ==
--prepared:/private/tmp/minget-162-candidate/Minget.app/Contents/MacOS/MingetCLI
--validated:/private/tmp/minget-162-candidate/Minget.app/Contents/MacOS/MingetCLI
/tmp/minget-162-candidate/Minget.app: valid on disk
/tmp/minget-162-candidate/Minget.app: satisfies its Designated Requirement
== archive copy to /tmp/minget-162-archive/Minget.app ==
/tmp/minget-162-archive/Minget.app: valid on disk
/tmp/minget-162-archive/Minget.app: satisfies its Designated Requirement
built:   /tmp/minget-162-candidate/Minget.app
archive: /tmp/minget-162-archive/Minget.app
