== signing identity: Minget Local Signing ==
== swift build (release) ==
Building for production...
[2 / 5] UsageMonitorApp-product
[3 / 6] UsageMonitorApp-product
[5 / 6] UsageMonitorApp-product
[6 / 6] UsageMonitorApp-product
Build complete! (6.53秒)
== staging /tmp/minget-161-stage/Minget.app ==
== codesign (Minget Local Signing) ==
/tmp/minget-161-stage/Minget.app: replacing existing signature
== strict verification in staging ==
--prepared:/private/tmp/minget-161-stage/Minget.app/Contents/MacOS/MingetCLI
--validated:/private/tmp/minget-161-stage/Minget.app/Contents/MacOS/MingetCLI
/tmp/minget-161-stage/Minget.app: valid on disk
/tmp/minget-161-stage/Minget.app: satisfies its Designated Requirement
/tmp/minget-161-stage/Minget.app/Contents/Info.plist: OK
== install to /tmp/minget-161-final/Minget.app ==
--prepared:/private/tmp/minget-161-final/Minget.app/Contents/MacOS/MingetCLI
--validated:/private/tmp/minget-161-final/Minget.app/Contents/MacOS/MingetCLI
/tmp/minget-161-final/Minget.app: valid on disk
/tmp/minget-161-final/Minget.app: satisfies its Designated Requirement
== archive copy to /tmp/minget-161-review/Minget.app ==
/tmp/minget-161-review/Minget.app: valid on disk
/tmp/minget-161-review/Minget.app: satisfies its Designated Requirement
built:   /tmp/minget-161-final/Minget.app
archive: /tmp/minget-161-review/Minget.app
