Building for debugging...
[1 / 2] UsageMonitorCore
Build complete! (0.22秒)
Test Suite 'Selected tests' started at 2026-10-01 14:05:54.727.
Test Suite 'UsageMonitorCoreTests.xctest' started at 2026-10-01 14:05:54.728.
Test Suite 'UsageMonitorCoreTests.xctest' passed at 2026-10-01 14:05:54.728.
	 Executed 0 tests, with 0 failures (0 unexpected) in 0.000 (0.000) seconds
Test Suite 'Selected tests' passed at 2026-10-01 14:05:54.728.
	 Executed 0 tests, with 0 failures (0 unexpected) in 0.000 (0.001) seconds
Test Suite 'Selected tests' started at 2026-10-01 14:05:54.778.
Test Suite 'UsageMonitorAppTests.xctest' started at 2026-10-01 14:05:54.778.
Test Suite 'StartupWindowTests' started at 2026-10-01 14:05:54.778.
Test Case '-[UsageMonitorAppTests.StartupWindowTests testColdStartShowsNoWindowOtherThanTheDetailPage]' started.
Test Case '-[UsageMonitorAppTests.StartupWindowTests testColdStartShowsNoWindowOtherThanTheDetailPage]' passed (6.218 seconds).
Test Case '-[UsageMonitorAppTests.StartupWindowTests testQuitLeavesNoOwnedCodexChildBehind]' started.
Test Case '-[UsageMonitorAppTests.StartupWindowTests testQuitLeavesNoOwnedCodexChildBehind]' passed (6.517 seconds).
Test Suite 'StartupWindowTests' passed at 2026-10-01 14:06:07.513.
	 Executed 2 tests, with 0 failures (0 unexpected) in 12.734 (12.735) seconds
Test Suite 'UsageMonitorAppTests.xctest' passed at 2026-10-01 14:06:07.513.
	 Executed 2 tests, with 0 failures (0 unexpected) in 12.734 (12.735) seconds
Test Suite 'Selected tests' passed at 2026-10-01 14:06:07.513.
	 Executed 2 tests, with 0 failures (0 unexpected) in 12.734 (12.735) seconds
